#-----------------------------------------------------------
# Vivado v2024.1 (64-bit)
# SW Build 5076996 on Wed May 22 18:37:14 MDT 2024
# IP Build 5075265 on Wed May 22 21:45:21 MDT 2024
# SharedData Build 5076995 on Wed May 22 18:29:18 MDT 2024
# Start of session at: Tue Oct  8 12:59:24 2024
# Process ID: 5096
# Current directory: C:/Users/ADMIN/Desktop/Project_2/SERV_TEST_PROJECT/SERV_TEST
# Command line: vivado.exe -gui_launcher_event rodinguilauncherevent19728 C:\Users\ADMIN\Desktop\Project_2\SERV_TEST_PROJECT\SERV_TEST\SERV_TEST.xpr
# Log file: C:/Users/ADMIN/Desktop/Project_2/SERV_TEST_PROJECT/SERV_TEST/vivado.log
# Journal file: C:/Users/ADMIN/Desktop/Project_2/SERV_TEST_PROJECT/SERV_TEST\vivado.jou
# Running On        :DESKTOP-S24Q89O
# Platform          :Windows Server 2016 or Windows 10
# Operating System  :22631
# Processor Detail  :AMD Ryzen 7 8845H w/ Radeon 780M Graphics
# CPU Frequency     :3793 MHz
# CPU Physical cores:8
# CPU Logical cores :16
# Host memory       :29860 MB
# Swap memory       :1879 MB
# Total Virtual     :31739 MB
# Available Virtual :13398 MB
#-----------------------------------------------------------
start_gui
open_project C:/Users/ADMIN/Desktop/Project_2/SERV_TEST_PROJECT/SERV_TEST/SERV_TEST.xpr
WARNING: [Board 49-26] cannot add Board Part xilinx.com:kc705:part0:1.6 available at C:/Xilinx/Vivado/2024.1/data/xhub/boards/XilinxBoardStore/boards/Xilinx/kc705/1.6/board.xml as part xc7k325tffg900-2 specified in board_part file is either invalid or not available
WARNING: [Board 49-26] cannot add Board Part xilinx.com:kcu105:part0:1.6 available at C:/Xilinx/Vivado/2024.1/data/xhub/boards/XilinxBoardStore/boards/Xilinx/kcu105/1.6/board.xml as part xcku040-ffva1156-2-e specified in board_part file is either invalid or not available
WARNING: [Board 49-26] cannot add Board Part xilinx.com:kcu105:part0:1.7 available at C:/Xilinx/Vivado/2024.1/data/xhub/boards/XilinxBoardStore/boards/Xilinx/kcu105/1.7/board.xml as part xcku040-ffva1156-2-e specified in board_part file is either invalid or not available
WARNING: [Board 49-26] cannot add Board Part xilinx.com:kcu1500:part0:1.2 available at C:/Xilinx/Vivado/2024.1/data/xhub/boards/XilinxBoardStore/boards/Xilinx/kcu1500/1.2/board.xml as part xcku115-flvb2104-2-e specified in board_part file is either invalid or not available
WARNING: [Board 49-26] cannot add Board Part xilinx.com:vc707:part0:1.4 available at C:/Xilinx/Vivado/2024.1/data/xhub/boards/XilinxBoardStore/boards/Xilinx/vc707/1.4/board.xml as part xc7vx485tffg1761-2 specified in board_part file is either invalid or not available
WARNING: [Board 49-26] cannot add Board Part xilinx.com:vc709:part0:1.8 available at C:/Xilinx/Vivado/2024.1/data/xhub/boards/XilinxBoardStore/boards/Xilinx/vc709/1.8/board.xml as part xc7vx690tffg1761-2 specified in board_part file is either invalid or not available
WARNING: [Board 49-26] cannot add Board Part xilinx.com:vck190:part0:2.2 available at C:/Xilinx/Vivado/2024.1/data/xhub/boards/XilinxBoardStore/boards/Xilinx/vck190/production/2.2/board.xml as part xcvc1902-vsva2197-2mp-e-s specified in board_part file is either invalid or not available
WARNING: [Board 49-26] cannot add Board Part xilinx.com:vck190:part0:3.0 available at C:/Xilinx/Vivado/2024.1/data/xhub/boards/XilinxBoardStore/boards/Xilinx/vck190/production/3.0/board.xml as part xcvc1902-vsva2197-2mp-e-s specified in board_part file is either invalid or not available
WARNING: [Board 49-26] cannot add Board Part xilinx.com:vck190:part0:3.1 available at C:/Xilinx/Vivado/2024.1/data/xhub/boards/XilinxBoardStore/boards/Xilinx/vck190/production/3.1/board.xml as part xcvc1902-vsva2197-2mp-e-s specified in board_part file is either invalid or not available
WARNING: [Board 49-26] cannot add Board Part xilinx.com:vck190:part0:3.2 available at C:/Xilinx/Vivado/2024.1/data/xhub/boards/XilinxBoardStore/boards/Xilinx/vck190/production/3.2/board.xml as part xcvc1902-vsva2197-2mp-e-s specified in board_part file is either invalid or not available
WARNING: [Board 49-26] cannot add Board Part xilinx.com:vck190:part0:3.3 available at C:/Xilinx/Vivado/2024.1/data/xhub/boards/XilinxBoardStore/boards/Xilinx/vck190/production/3.3/board.xml as part xcvc1902-vsva2197-2mp-e-s specified in board_part file is either invalid or not available
WARNING: [Board 49-26] cannot add Board Part xilinx.com:vck190_newl:part0:1.0 available at C:/Xilinx/Vivado/2024.1/data/xhub/boards/XilinxBoardStore/boards/Xilinx/vck190_newl/production/1.0/board.xml as part xcvc1902-vsva2197-2mp-e-s specified in board_part file is either invalid or not available
WARNING: [Board 49-26] cannot add Board Part xilinx.com:vck190_newl:part0:1.1 available at C:/Xilinx/Vivado/2024.1/data/xhub/boards/XilinxBoardStore/boards/Xilinx/vck190_newl/production/1.1/board.xml as part xcvc1902-vsva2197-2mp-e-s specified in board_part file is either invalid or not available
WARNING: [Board 49-26] cannot add Board Part xilinx.com:vck190_newl:part0:1.2 available at C:/Xilinx/Vivado/2024.1/data/xhub/boards/XilinxBoardStore/boards/Xilinx/vck190_newl/production/1.2/board.xml as part xcvc1902-vsva2197-2mp-e-s specified in board_part file is either invalid or not available
WARNING: [Board 49-26] cannot add Board Part xilinx.com:vcu108:part0:1.6 available at C:/Xilinx/Vivado/2024.1/data/xhub/boards/XilinxBoardStore/boards/Xilinx/vcu108/1.6/board.xml as part xcvu095-ffva2104-2-e specified in board_part file is either invalid or not available
WARNING: [Board 49-26] cannot add Board Part xilinx.com:vcu108:part0:1.7 available at C:/Xilinx/Vivado/2024.1/data/xhub/boards/XilinxBoardStore/boards/Xilinx/vcu108/1.7/board.xml as part xcvu095-ffva2104-2-e specified in board_part file is either invalid or not available
WARNING: [Board 49-26] cannot add Board Part xilinx.com:vcu110:part0:1.4 available at C:/Xilinx/Vivado/2024.1/data/xhub/boards/XilinxBoardStore/boards/Xilinx/vcu110/1.4/board.xml as part xcvu190-flgc2104-2-e specified in board_part file is either invalid or not available
WARNING: [Board 49-26] cannot add Board Part xilinx.com:vcu118:part0:2.0 available at C:/Xilinx/Vivado/2024.1/data/xhub/boards/XilinxBoardStore/boards/Xilinx/vcu118/2.0/board.xml as part xcvu9p-flga2104-2l-e specified in board_part file is either invalid or not available
WARNING: [Board 49-26] cannot add Board Part xilinx.com:vcu118:part0:2.3 available at C:/Xilinx/Vivado/2024.1/data/xhub/boards/XilinxBoardStore/boards/Xilinx/vcu118/2.3/board.xml as part xcvu9p-flga2104-2l-e specified in board_part file is either invalid or not available
WARNING: [Board 49-26] cannot add Board Part xilinx.com:vcu118:part0:2.4 available at C:/Xilinx/Vivado/2024.1/data/xhub/boards/XilinxBoardStore/boards/Xilinx/vcu118/2.4/board.xml as part xcvu9p-flga2104-2l-e specified in board_part file is either invalid or not available
WARNING: [Board 49-26] cannot add Board Part xilinx.com:vcu129:part0:1.0 available at C:/Xilinx/Vivado/2024.1/data/xhub/boards/XilinxBoardStore/boards/Xilinx/vcu129/production/1.0/board.xml as part xcvu29p-fsga2577-2l-e specified in board_part file is either invalid or not available
WARNING: [Board 49-26] cannot add Board Part xilinx.com:vcu1525:part0:1.3 available at C:/Xilinx/Vivado/2024.1/data/xhub/boards/XilinxBoardStore/boards/Xilinx/vcu1525/1.3/board.xml as part xcvu9p-fsgd2104-2l-e specified in board_part file is either invalid or not available
WARNING: [Board 49-26] cannot add Board Part xilinx.com:vek280:part0:1.0 available at C:/Xilinx/Vivado/2024.1/data/xhub/boards/XilinxBoardStore/boards/Xilinx/vek280/production/1.0/board.xml as part xcve2802-vsvh1760-2mp-e-s specified in board_part file is either invalid or not available
WARNING: [Board 49-26] cannot add Board Part xilinx.com:vek280:part0:1.1 available at C:/Xilinx/Vivado/2024.1/data/xhub/boards/XilinxBoardStore/boards/Xilinx/vek280/production/1.1/board.xml as part xcve2802-vsvh1760-2mp-e-s specified in board_part file is either invalid or not available
WARNING: [Board 49-26] cannot add Board Part xilinx.com:vek280:part0:1.2 available at C:/Xilinx/Vivado/2024.1/data/xhub/boards/XilinxBoardStore/boards/Xilinx/vek280/production/1.2/board.xml as part xcve2802-vsvh1760-2mp-e-s specified in board_part file is either invalid or not available
WARNING: [Board 49-26] cannot add Board Part xilinx.com:vek280_es:part0:1.0 available at C:/Xilinx/Vivado/2024.1/data/xhub/boards/XilinxBoardStore/boards/Xilinx/vek280/es/rev_a/1.0/board.xml as part xcve2802-vsvh1760-2lp-e-s-es1 specified in board_part file is either invalid or not available
WARNING: [Board 49-26] cannot add Board Part xilinx.com:vek280_es:part0:1.1 available at C:/Xilinx/Vivado/2024.1/data/xhub/boards/XilinxBoardStore/boards/Xilinx/vek280/es/rev_a/1.1/board.xml as part xcve2802-vsvh1760-2lp-e-s-es1 specified in board_part file is either invalid or not available
WARNING: [Board 49-26] cannot add Board Part xilinx.com:vek280_es_revb:part0:1.0 available at C:/Xilinx/Vivado/2024.1/data/xhub/boards/XilinxBoardStore/boards/Xilinx/vek280/es/rev_b/1.0/board.xml as part xcve2802-vsvh1760-2mp-e-s-es1 specified in board_part file is either invalid or not available
WARNING: [Board 49-26] cannot add Board Part xilinx.com:vek280_es_revb:part0:1.1 available at C:/Xilinx/Vivado/2024.1/data/xhub/boards/XilinxBoardStore/boards/Xilinx/vek280/es/rev_b/1.1/board.xml as part xcve2802-vsvh1760-2mp-e-s-es1 specified in board_part file is either invalid or not available
WARNING: [Board 49-26] cannot add Board Part xilinx.com:vermeo_t1_mpsoc:part0:1.0 available at C:/Xilinx/Vivado/2024.1/data/xhub/boards/XilinxBoardStore/boards/Xilinx/vermeo_t1_mpsoc/1.0/board.xml as part xczu19eg-ffvd1760-2l-e specified in board_part file is either invalid or not available
WARNING: [Board 49-26] cannot add Board Part xilinx.com:vermeo_t1_rfsoc:part0:1.0 available at C:/Xilinx/Vivado/2024.1/data/xhub/boards/XilinxBoardStore/boards/Xilinx/vermeo_t1_rfsoc/1.0/board.xml as part xczu21dr-ffvd1156-2l-e specified in board_part file is either invalid or not available
WARNING: [Board 49-26] cannot add Board Part xilinx.com:vhk158:part0:1.0 available at C:/Xilinx/Vivado/2024.1/data/xhub/boards/XilinxBoardStore/boards/Xilinx/vhk158/production/1.0/board.xml as part xcvh1582-vsva3697-2mp-e-s specified in board_part file is either invalid or not available
WARNING: [Board 49-26] cannot add Board Part xilinx.com:vhk158:part0:1.1 available at C:/Xilinx/Vivado/2024.1/data/xhub/boards/XilinxBoardStore/boards/Xilinx/vhk158/production/1.1/board.xml as part xcvh1582-vsva3697-2mp-e-s specified in board_part file is either invalid or not available
WARNING: [Board 49-26] cannot add Board Part xilinx.com:vhk158_es:part0:1.0 available at C:/Xilinx/Vivado/2024.1/data/xhub/boards/XilinxBoardStore/boards/Xilinx/vhk158/es/1.0/board.xml as part xcvh1582-vsva3697-2mp-e-s-es1 specified in board_part file is either invalid or not available
WARNING: [Board 49-26] cannot add Board Part xilinx.com:vhk158_es:part0:1.1 available at C:/Xilinx/Vivado/2024.1/data/xhub/boards/XilinxBoardStore/boards/Xilinx/vhk158/es/1.1/board.xml as part xcvh1582-vsva3697-2mp-e-s-es1 specified in board_part file is either invalid or not available
WARNING: [Board 49-26] cannot add Board Part xilinx.com:vmk180:part0:2.2 available at C:/Xilinx/Vivado/2024.1/data/xhub/boards/XilinxBoardStore/boards/Xilinx/vmk180/production/2.2/board.xml as part xcvm1802-vsva2197-2mp-e-s specified in board_part file is either invalid or not available
WARNING: [Board 49-26] cannot add Board Part xilinx.com:vmk180:part0:3.0 available at C:/Xilinx/Vivado/2024.1/data/xhub/boards/XilinxBoardStore/boards/Xilinx/vmk180/production/3.0/board.xml as part xcvm1802-vsva2197-2mp-e-s specified in board_part file is either invalid or not available
WARNING: [Board 49-26] cannot add Board Part xilinx.com:vmk180:part0:3.1 available at C:/Xilinx/Vivado/2024.1/data/xhub/boards/XilinxBoardStore/boards/Xilinx/vmk180/production/3.1/board.xml as part xcvm1802-vsva2197-2mp-e-s specified in board_part file is either invalid or not available
WARNING: [Board 49-26] cannot add Board Part xilinx.com:vmk180:part0:3.2 available at C:/Xilinx/Vivado/2024.1/data/xhub/boards/XilinxBoardStore/boards/Xilinx/vmk180/production/3.2/board.xml as part xcvm1802-vsva2197-2mp-e-s specified in board_part file is either invalid or not available
WARNING: [Board 49-26] cannot add Board Part xilinx.com:vmk180_newl:part0:1.0 available at C:/Xilinx/Vivado/2024.1/data/xhub/boards/XilinxBoardStore/boards/Xilinx/vmk180_newl/production/1.0/board.xml as part xcvm1802-vsva2197-2mp-e-s specified in board_part file is either invalid or not available
WARNING: [Board 49-26] cannot add Board Part xilinx.com:vmk180_newl:part0:1.1 available at C:/Xilinx/Vivado/2024.1/data/xhub/boards/XilinxBoardStore/boards/Xilinx/vmk180_newl/production/1.1/board.xml as part xcvm1802-vsva2197-2mp-e-s specified in board_part file is either invalid or not available
WARNING: [Board 49-26] cannot add Board Part xilinx.com:vpk120:part0:1.0 available at C:/Xilinx/Vivado/2024.1/data/xhub/boards/XilinxBoardStore/boards/Xilinx/vpk120/production/1.0/board.xml as part xcvp1202-vsva2785-2mp-e-s specified in board_part file is either invalid or not available
WARNING: [Board 49-26] cannot add Board Part xilinx.com:vpk120:part0:1.1 available at C:/Xilinx/Vivado/2024.1/data/xhub/boards/XilinxBoardStore/boards/Xilinx/vpk120/production/1.1/board.xml as part xcvp1202-vsva2785-2mp-e-s specified in board_part file is either invalid or not available
WARNING: [Board 49-26] cannot add Board Part xilinx.com:vpk120:part0:1.2 available at C:/Xilinx/Vivado/2024.1/data/xhub/boards/XilinxBoardStore/boards/Xilinx/vpk120/production/1.2/board.xml as part xcvp1202-vsva2785-2mp-e-s specified in board_part file is either invalid or not available
WARNING: [Board 49-26] cannot add Board Part xilinx.com:vpk180:part0:1.0 available at C:/Xilinx/Vivado/2024.1/data/xhub/boards/XilinxBoardStore/boards/Xilinx/vpk180/production/1.0/board.xml as part xcvp1802-lsvc4072-2mp-e-s specified in board_part file is either invalid or not available
WARNING: [Board 49-26] cannot add Board Part xilinx.com:vpk180:part0:1.1 available at C:/Xilinx/Vivado/2024.1/data/xhub/boards/XilinxBoardStore/boards/Xilinx/vpk180/production/1.1/board.xml as part xcvp1802-lsvc4072-2mp-e-s specified in board_part file is either invalid or not available
WARNING: [Board 49-26] cannot add Board Part xilinx.com:vpk180:part0:1.2 available at C:/Xilinx/Vivado/2024.1/data/xhub/boards/XilinxBoardStore/boards/Xilinx/vpk180/production/1.2/board.xml as part xcvp1802-lsvc4072-2mp-e-s specified in board_part file is either invalid or not available
WARNING: [Board 49-26] cannot add Board Part xilinx.com:zc706:part0:1.4 available at C:/Xilinx/Vivado/2024.1/data/xhub/boards/XilinxBoardStore/boards/Xilinx/zc706/1.4/board.xml as part xc7z045ffg900-2 specified in board_part file is either invalid or not available
WARNING: [Board 49-26] cannot add Board Part xilinx.com:zcu102:part0:3.3 available at C:/Xilinx/Vivado/2024.1/data/xhub/boards/XilinxBoardStore/boards/Xilinx/zcu102/3.3/board.xml as part xczu9eg-ffvb1156-2-e specified in board_part file is either invalid or not available
WARNING: [Board 49-26] cannot add Board Part xilinx.com:zcu102:part0:3.4 available at C:/Xilinx/Vivado/2024.1/data/xhub/boards/XilinxBoardStore/boards/Xilinx/zcu102/3.4/board.xml as part xczu9eg-ffvb1156-2-e specified in board_part file is either invalid or not available
WARNING: [Board 49-26] cannot add Board Part xilinx.com:zcu111:part0:1.2 available at C:/Xilinx/Vivado/2024.1/data/xhub/boards/XilinxBoardStore/boards/Xilinx/zcu111/1.2/board.xml as part xczu28dr-ffvg1517-2-e specified in board_part file is either invalid or not available
WARNING: [Board 49-26] cannot add Board Part xilinx.com:zcu111:part0:1.3 available at C:/Xilinx/Vivado/2024.1/data/xhub/boards/XilinxBoardStore/boards/Xilinx/zcu111/1.3/board.xml as part xczu28dr-ffvg1517-2-e specified in board_part file is either invalid or not available
WARNING: [Board 49-26] cannot add Board Part xilinx.com:zcu111:part0:1.4 available at C:/Xilinx/Vivado/2024.1/data/xhub/boards/XilinxBoardStore/boards/Xilinx/zcu111/1.4/board.xml as part xczu28dr-ffvg1517-2-e specified in board_part file is either invalid or not available
WARNING: [Board 49-26] cannot add Board Part xilinx.com:zcu1275:part0:1.0 available at C:/Xilinx/Vivado/2024.1/data/xhub/boards/XilinxBoardStore/boards/Xilinx/zcu1275/1.0/board.xml as part xczu29dr-ffvf1760-2-e specified in board_part file is either invalid or not available
WARNING: [Board 49-26] cannot add Board Part xilinx.com:zcu1285:part0:1.0 available at C:/Xilinx/Vivado/2024.1/data/xhub/boards/XilinxBoardStore/boards/Xilinx/zcu1285/1.0/board.xml as part xczu39dr-ffvf1760-2-i specified in board_part file is either invalid or not available
WARNING: [Board 49-26] cannot add Board Part xilinx.com:zcu208:part0:2.0 available at C:/Xilinx/Vivado/2024.1/data/xhub/boards/XilinxBoardStore/boards/Xilinx/zcu208/production/2.0/board.xml as part xczu48dr-fsvg1517-2-e specified in board_part file is either invalid or not available
WARNING: [Board 49-26] cannot add Board Part xilinx.com:zcu208ld:part0:2.0 available at C:/Xilinx/Vivado/2024.1/data/xhub/boards/XilinxBoardStore/boards/Xilinx/zcu208ld/production/2.0/board.xml as part xczu58dr-fsvg1517-2-i specified in board_part file is either invalid or not available
WARNING: [Board 49-26] cannot add Board Part xilinx.com:zcu216:part0:2.0 available at C:/Xilinx/Vivado/2024.1/data/xhub/boards/XilinxBoardStore/boards/Xilinx/zcu216/production/2.0/board.xml as part xczu49dr-ffvf1760-2-e specified in board_part file is either invalid or not available
WARNING: [Board 49-26] cannot add Board Part xilinx.com:zcu216ld:part0:2.0 available at C:/Xilinx/Vivado/2024.1/data/xhub/boards/XilinxBoardStore/boards/Xilinx/zcu216ld/production/2.0/board.xml as part xczu59dr-ffvf1760-2-i specified in board_part file is either invalid or not available
WARNING: [Board 49-26] cannot add Board Part xilinx.com:zcu670:part0:2.0 available at C:/Xilinx/Vivado/2024.1/data/xhub/boards/XilinxBoardStore/boards/Xilinx/zcu670/2.0/board.xml as part xczu67dr-fsve1156-2-i specified in board_part file is either invalid or not available
WARNING: [Board 49-26] cannot add Board Part xilinx.com:zcu670ld:part0:1.0 available at C:/Xilinx/Vivado/2024.1/data/xhub/boards/XilinxBoardStore/boards/Xilinx/zcu670ld/1.0/board.xml as part xczu57dr-fsve1156-2-i specified in board_part file is either invalid or not available
INFO: [filemgmt 56-3] Default IP Output Path : Could not find the directory 'C:/Users/ADMIN/Desktop/Project_2/SERV_TEST_PROJECT/SERV_TEST/SERV_TEST.gen/sources_1'.
CRITICAL WARNING: [Project 1-19] Could not find the file 'C:/Users/ADMIN/Desktop/Project_2/SERV_TEST_PROJECT/SERV_TEST/SERV_TEST.srcs/sources_1/imports/serv-main/servant/servant_ecp5_clock_gen.v'.
CRITICAL WARNING: [Project 1-19] Could not find the file 'C:/Users/ADMIN/Desktop/Project_2/SERV_TEST_PROJECT/SERV_TEST/SERV_TEST.srcs/sources_1/imports/serv-main/servant/servus.v'.
CRITICAL WARNING: [Project 1-19] Could not find the file 'C:/Users/ADMIN/Desktop/Project_2/SERV_TEST_PROJECT/SERV_TEST/SERV_TEST.srcs/sources_1/imports/serv-main/servant/servus_clock_gen.v'.
CRITICAL WARNING: [Project 1-19] Could not find the file 'C:/Users/ADMIN/Desktop/Project_2/SERV_TEST_PROJECT/SERV_TEST/SERV_TEST.srcs/sources_1/imports/serv-main/servant/servant_cmod_a7_clock_gen.v'.
CRITICAL WARNING: [Project 1-19] Could not find the file 'C:/Users/ADMIN/Desktop/Project_2/SERV_TEST_PROJECT/SERV_TEST/SERV_TEST.srcs/sources_1/imports/serv-main/servant/servant.v'.
CRITICAL WARNING: [Project 1-19] Could not find the file 'C:/Users/ADMIN/Desktop/Project_2/SERV_TEST_PROJECT/SERV_TEST/SERV_TEST.srcs/sources_1/imports/serv-main/servant/servant_cmod_a7.v'.
CRITICAL WARNING: [Project 1-19] Could not find the file 'C:/Users/ADMIN/Desktop/Project_2/SERV_TEST_PROJECT/SERV_TEST/SERV_TEST.srcs/sources_1/imports/serv-main/servant/servant_gmm7550.v'.
CRITICAL WARNING: [Project 1-19] Could not find the file 'C:/Users/ADMIN/Desktop/Project_2/SERV_TEST_PROJECT/SERV_TEST/SERV_TEST.srcs/sources_1/imports/serv-main/servant/servive.v'.
CRITICAL WARNING: [Project 1-19] Could not find the file 'C:/Users/ADMIN/Desktop/Project_2/SERV_TEST_PROJECT/SERV_TEST/SERV_TEST.srcs/sources_1/imports/serv-main/servant/servclone10_clock_gen.v'.
CRITICAL WARNING: [Project 1-19] Could not find the file 'C:/Users/ADMIN/Desktop/Project_2/SERV_TEST_PROJECT/SERV_TEST/SERV_TEST.srcs/sources_1/imports/serv-main/servant/servix_ebaz4205.v'.
CRITICAL WARNING: [Project 1-19] Could not find the file 'C:/Users/ADMIN/Desktop/Project_2/SERV_TEST_PROJECT/SERV_TEST/SERV_TEST.srcs/sources_1/imports/serv-main/servant/servant_pf_clock_gen.v'.
CRITICAL WARNING: [Project 1-19] Could not find the file 'C:/Users/ADMIN/Desktop/Project_2/SERV_TEST_PROJECT/SERV_TEST/SERV_TEST.srcs/sources_1/imports/serv-main/servant/ecppll.v'.
CRITICAL WARNING: [Project 1-19] Could not find the file 'C:/Users/ADMIN/Desktop/Project_2/SERV_TEST_PROJECT/SERV_TEST/SERV_TEST.srcs/sources_1/imports/serv-main/servant/servant_pf.v'.
CRITICAL WARNING: [Project 1-19] Could not find the file 'C:/Users/ADMIN/Desktop/Project_2/SERV_TEST_PROJECT/SERV_TEST/SERV_TEST.srcs/sources_1/imports/serv-main/servant/servant_timer.v'.
CRITICAL WARNING: [Project 1-19] Could not find the file 'C:/Users/ADMIN/Desktop/Project_2/SERV_TEST_PROJECT/SERV_TEST/SERV_TEST.srcs/sources_1/imports/serv-main/servant/servis_clock_gen.v'.
CRITICAL WARNING: [Project 1-19] Could not find the file 'C:/Users/ADMIN/Desktop/Project_2/SERV_TEST_PROJECT/SERV_TEST/SERV_TEST.srcs/sources_1/imports/serv-main/servant/servant_ac701.v'.
CRITICAL WARNING: [Project 1-19] Could not find the file 'C:/Users/ADMIN/Desktop/Project_2/SERV_TEST_PROJECT/SERV_TEST/SERV_TEST.srcs/sources_1/imports/serv-main/servant/servant_ecp5_evn.v'.
CRITICAL WARNING: [Project 1-19] Could not find the file 'C:/Users/ADMIN/Desktop/Project_2/SERV_TEST_PROJECT/SERV_TEST/SERV_TEST.srcs/sources_1/imports/serv-main/servant/servant_ram_quartus.sv'.
CRITICAL WARNING: [Project 1-19] Could not find the file 'C:/Users/ADMIN/Desktop/Project_2/SERV_TEST_PROJECT/SERV_TEST/SERV_TEST.srcs/sources_1/imports/serv-main/servant/servant_lx9.v'.
CRITICAL WARNING: [Project 1-19] Could not find the file 'C:/Users/ADMIN/Desktop/Project_2/SERV_TEST_PROJECT/SERV_TEST/SERV_TEST.srcs/sources_1/imports/serv-main/servant/servant_mux.v'.
CRITICAL WARNING: [Project 1-19] Could not find the file 'C:/Users/ADMIN/Desktop/Project_2/SERV_TEST_PROJECT/SERV_TEST/SERV_TEST.srcs/sources_1/imports/serv-main/servant/service_clock_gen.v'.
CRITICAL WARNING: [Project 1-19] Could not find the file 'C:/Users/ADMIN/Desktop/Project_2/SERV_TEST_PROJECT/SERV_TEST/SERV_TEST.srcs/sources_1/imports/serv-main/servant/servant_orangecrab.v'.
CRITICAL WARNING: [Project 1-19] Could not find the file 'C:/Users/ADMIN/Desktop/Project_2/SERV_TEST_PROJECT/SERV_TEST/SERV_TEST.srcs/sources_1/imports/serv-main/servant/servant_ax309_clock_gen.v'.
CRITICAL WARNING: [Project 1-19] Could not find the file 'C:/Users/ADMIN/Desktop/Project_2/SERV_TEST_PROJECT/SERV_TEST/SERV_TEST.srcs/sources_1/imports/serv-main/servant/servive_clock_gen.v'.
CRITICAL WARNING: [Project 1-19] Could not find the file 'C:/Users/ADMIN/Desktop/Project_2/SERV_TEST_PROJECT/SERV_TEST/SERV_TEST.srcs/sources_1/imports/serv-main/servant/servde1_soc_revF.v'.
CRITICAL WARNING: [Project 1-19] Could not find the file 'C:/Users/ADMIN/Desktop/Project_2/SERV_TEST_PROJECT/SERV_TEST/SERV_TEST.srcs/sources_1/imports/serv-main/servant/servant_ram.v'.
CRITICAL WARNING: [Project 1-19] Could not find the file 'C:/Users/ADMIN/Desktop/Project_2/SERV_TEST_PROJECT/SERV_TEST/SERV_TEST.srcs/sources_1/imports/serv-main/servant/servant_upduino2.v'.
CRITICAL WARNING: [Project 1-19] Could not find the file 'C:/Users/ADMIN/Desktop/Project_2/SERV_TEST_PROJECT/SERV_TEST/SERV_TEST.srcs/sources_1/imports/serv-main/servant/servclone10.v'.
CRITICAL WARNING: [Project 1-19] Could not find the file 'C:/Users/ADMIN/Desktop/Project_2/SERV_TEST_PROJECT/SERV_TEST/SERV_TEST.srcs/sources_1/imports/serv-main/servant/servant_lx9_clock_gen.v'.
CRITICAL WARNING: [Project 1-19] Could not find the file 'C:/Users/ADMIN/Desktop/Project_2/SERV_TEST_PROJECT/SERV_TEST/SERV_TEST.srcs/sources_1/imports/serv-main/servant/servax_clock_gen.v'.
CRITICAL WARNING: [Project 1-19] Could not find the file 'C:/Users/ADMIN/Desktop/Project_2/SERV_TEST_PROJECT/SERV_TEST/SERV_TEST.srcs/sources_1/imports/serv-main/servant/servax.v'.
CRITICAL WARNING: [Project 1-19] Could not find the file 'C:/Users/ADMIN/Desktop/Project_2/SERV_TEST_PROJECT/SERV_TEST/SERV_TEST.srcs/sources_1/imports/serv-main/servant/servant_ax309.v'.
CRITICAL WARNING: [Project 1-19] Could not find the file 'C:/Users/ADMIN/Desktop/Project_2/SERV_TEST_PROJECT/SERV_TEST/SERV_TEST.srcs/sources_1/imports/serv-main/servant/servix.v'.
CRITICAL WARNING: [Project 1-19] Could not find the file 'C:/Users/ADMIN/Desktop/Project_2/SERV_TEST_PROJECT/SERV_TEST/SERV_TEST.srcs/sources_1/imports/serv-main/servant/servant_ecp5_evn_clock_gen.v'.
CRITICAL WARNING: [Project 1-19] Could not find the file 'C:/Users/ADMIN/Desktop/Project_2/SERV_TEST_PROJECT/SERV_TEST/SERV_TEST.srcs/sources_1/imports/serv-main/servant/servde1_soc_revF_clock_gen.v'.
CRITICAL WARNING: [Project 1-19] Could not find the file 'C:/Users/ADMIN/Desktop/Project_2/SERV_TEST_PROJECT/SERV_TEST/SERV_TEST.srcs/sources_1/imports/serv-main/servant/servis.v'.
CRITICAL WARNING: [Project 1-19] Could not find the file 'C:/Users/ADMIN/Desktop/Project_2/SERV_TEST_PROJECT/SERV_TEST/SERV_TEST.srcs/sources_1/imports/serv-main/servant/servant_md_kolibri.v'.
CRITICAL WARNING: [Project 1-19] Could not find the file 'C:/Users/ADMIN/Desktop/Project_2/SERV_TEST_PROJECT/SERV_TEST/SERV_TEST.srcs/sources_1/imports/serv-main/servant/service.v'.
CRITICAL WARNING: [Project 1-19] Could not find the file 'C:/Users/ADMIN/Desktop/Project_2/SERV_TEST_PROJECT/SERV_TEST/SERV_TEST.srcs/sources_1/imports/serv-main/servant/servant_ecp5.v'.
CRITICAL WARNING: [Project 1-19] Could not find the file 'C:/Users/ADMIN/Desktop/Project_2/SERV_TEST_PROJECT/SERV_TEST/SERV_TEST.srcs/sources_1/imports/serv-main/servant/servix_clock_gen.v'.
CRITICAL WARNING: [Project 1-19] Could not find the file 'C:/Users/ADMIN/Desktop/Project_2/SERV_TEST_PROJECT/SERV_TEST/SERV_TEST.srcs/sources_1/imports/serv-main/servant/servant_gpio.v'.
CRITICAL WARNING: [Project 1-19] Could not find the file 'C:/Users/ADMIN/Desktop/Project_2/SERV_TEST_PROJECT/SERV_TEST/SERV_TEST.srcs/sources_1/imports/serv-main/servant/ecp5_evn_pll.v'.
CRITICAL WARNING: [Project 1-19] Could not find the file 'C:/Users/ADMIN/Desktop/Project_2/SERV_TEST_PROJECT/SERV_TEST/SERV_TEST.srcs/sources_1/imports/serv-main/servant/ice40_pll.v'.
CRITICAL WARNING: [Project 1-19] Could not find the file 'C:/Users/ADMIN/Desktop/Project_2/SERV_TEST_PROJECT/SERV_TEST/SERV_TEST.srcs/sources_1/imports/serv-main/servant/servix_ebaz4205_clock_gen.v'.
CRITICAL WARNING: [Project 1-19] Could not find the file 'C:/Users/ADMIN/Desktop/Project_2/SERV_TEST_PROJECT/SERV_TEST/SERV_TEST.srcs/sources_1/imports/serv-main/servant/service_go_board.v'.
Scanning sources...
Finished scanning sources
INFO: [IP_Flow 19-234] Refreshing IP repositories
INFO: [IP_Flow 19-1704] No user IP repositories specified
INFO: [IP_Flow 19-2313] Loaded Vivado IP repository 'C:/Xilinx/Vivado/2024.1/data/ip'.
open_project: Time (s): cpu = 00:00:04 ; elapsed = 00:00:08 . Memory (MB): peak = 1560.289 ; gain = 396.969
update_compile_order -fileset sources_1
WARNING: [filemgmt 56-199] Attempt to get parsing info during refresh. "On-the-fly" syntax checking information may be incorrect. [C:\Users\ADMIN\Desktop\Project_2\SERV_TEST_PROJECT\SERV_TEST\SERV_TEST.srcs\sources_1\imports\serv-main\servile\servile_mux.v:]
WARNING: [filemgmt 56-199] Attempt to get parsing info during refresh. "On-the-fly" syntax checking information may be incorrect. [C:\Users\ADMIN\Desktop\Project_2\SERV_TEST_PROJECT\SERV_TEST\SERV_TEST.srcs\sources_1\imports\serv-main\servile\servile.v:]
WARNING: [filemgmt 56-199] Attempt to get parsing info during refresh. "On-the-fly" syntax checking information may be incorrect. [C:\Users\ADMIN\Desktop\Project_2\SERV_TEST_PROJECT\SERV_TEST\SERV_TEST.srcs\sources_1\imports\serv-main\servile\servile.v:]
WARNING: [filemgmt 56-199] Attempt to get parsing info during refresh. "On-the-fly" syntax checking information may be incorrect. [C:\Users\ADMIN\Desktop\Project_2\SERV_TEST_PROJECT\SERV_TEST\SERV_TEST.srcs\sources_1\imports\serv-main\servile\servile.v:]
ERROR: [Common 17-180] Spawn failed: No error
file mkdir C:/Users/ADMIN/Desktop/Project_2/SERV_TEST_PROJECT/SERV_TEST/SERV_TEST.srcs/sim_1/new
set_property SOURCE_SET sources_1 [get_filesets sim_1]
close [ open C:/Users/ADMIN/Desktop/Project_2/SERV_TEST_PROJECT/SERV_TEST/SERV_TEST.srcs/sim_1/new/servile_top_test.sv w ]
add_files -fileset sim_1 C:/Users/ADMIN/Desktop/Project_2/SERV_TEST_PROJECT/SERV_TEST/SERV_TEST.srcs/sim_1/new/servile_top_test.sv
close [ open C:/Users/ADMIN/Desktop/Project_2/SERV_TEST_PROJECT/SERV_TEST/SERV_TEST.srcs/sim_1/new/servile_test_program.sv w ]
add_files -fileset sim_1 C:/Users/ADMIN/Desktop/Project_2/SERV_TEST_PROJECT/SERV_TEST/SERV_TEST.srcs/sim_1/new/servile_test_program.sv
close [ open C:/Users/ADMIN/Desktop/Project_2/SERV_TEST_PROJECT/SERV_TEST/SERV_TEST.srcs/sim_1/new/servile_io.sv w ]
add_files -fileset sim_1 C:/Users/ADMIN/Desktop/Project_2/SERV_TEST_PROJECT/SERV_TEST/SERV_TEST.srcs/sim_1/new/servile_io.sv
WARNING: [filemgmt 56-199] Attempt to get parsing info during refresh. "On-the-fly" syntax checking information may be incorrect. [C:\Users\ADMIN\Desktop\Project_2\SERV_TEST_PROJECT\SERV_TEST\SERV_TEST.srcs\sources_1\imports\serv-main\servile\servile_mux.v:]
WARNING: [filemgmt 56-199] Attempt to get parsing info during refresh. "On-the-fly" syntax checking information may be incorrect. [C:\Users\ADMIN\Desktop\Project_2\SERV_TEST_PROJECT\SERV_TEST\SERV_TEST.srcs\sources_1\imports\serv-main\servile\servile.v:]
WARNING: [filemgmt 56-199] Attempt to get parsing info during refresh. "On-the-fly" syntax checking information may be incorrect. [C:\Users\ADMIN\Desktop\Project_2\SERV_TEST_PROJECT\SERV_TEST\SERV_TEST.srcs\sources_1\imports\serv-main\servile\servile.v:]
WARNING: [filemgmt 56-199] Attempt to get parsing info during refresh. "On-the-fly" syntax checking information may be incorrect. [C:\Users\ADMIN\Desktop\Project_2\SERV_TEST_PROJECT\SERV_TEST\SERV_TEST.srcs\sources_1\imports\serv-main\servile\servile.v:]
ERROR: [Common 17-180] Spawn failed: No error
WARNING: [filemgmt 56-199] Attempt to get parsing info during refresh. "On-the-fly" syntax checking information may be incorrect. [C:\Users\ADMIN\Desktop\Project_2\SERV_TEST_PROJECT\SERV_TEST\SERV_TEST.srcs\sources_1\imports\serv-main\servile\servile_mux.v:]
WARNING: [filemgmt 56-199] Attempt to get parsing info during refresh. "On-the-fly" syntax checking information may be incorrect. [C:\Users\ADMIN\Desktop\Project_2\SERV_TEST_PROJECT\SERV_TEST\SERV_TEST.srcs\sources_1\imports\serv-main\servile\servile.v:]
WARNING: [filemgmt 56-199] Attempt to get parsing info during refresh. "On-the-fly" syntax checking information may be incorrect. [C:\Users\ADMIN\Desktop\Project_2\SERV_TEST_PROJECT\SERV_TEST\SERV_TEST.srcs\sources_1\imports\serv-main\servile\servile.v:]
WARNING: [filemgmt 56-199] Attempt to get parsing info during refresh. "On-the-fly" syntax checking information may be incorrect. [C:\Users\ADMIN\Desktop\Project_2\SERV_TEST_PROJECT\SERV_TEST\SERV_TEST.srcs\sources_1\imports\serv-main\servile\servile.v:]
ERROR: [Common 17-180] Spawn failed: No error
update_compile_order -fileset sim_1
WARNING: [filemgmt 56-199] Attempt to get parsing info during refresh. "On-the-fly" syntax checking information may be incorrect. [C:\Users\ADMIN\Desktop\Project_2\SERV_TEST_PROJECT\SERV_TEST\SERV_TEST.srcs\sources_1\imports\serv-main\servile\servile_mux.v:]
WARNING: [filemgmt 56-199] Attempt to get parsing info during refresh. "On-the-fly" syntax checking information may be incorrect. [C:\Users\ADMIN\Desktop\Project_2\SERV_TEST_PROJECT\SERV_TEST\SERV_TEST.srcs\sources_1\imports\serv-main\servile\servile.v:]
WARNING: [filemgmt 56-199] Attempt to get parsing info during refresh. "On-the-fly" syntax checking information may be incorrect. [C:\Users\ADMIN\Desktop\Project_2\SERV_TEST_PROJECT\SERV_TEST\SERV_TEST.srcs\sources_1\imports\serv-main\servile\servile.v:]
WARNING: [filemgmt 56-199] Attempt to get parsing info during refresh. "On-the-fly" syntax checking information may be incorrect. [C:\Users\ADMIN\Desktop\Project_2\SERV_TEST_PROJECT\SERV_TEST\SERV_TEST.srcs\sources_1\imports\serv-main\servile\servile.v:]
ERROR: [Common 17-180] Spawn failed: No error
update_compile_order -fileset sim_1
update_compile_order -fileset sim_1
export_ip_user_files -of_objects  [get_files C:/Users/ADMIN/Desktop/Project_2/SERV_TEST_PROJECT/SERV_TEST/SERV_TEST.srcs/sim_1/new/servile_io.sv] -no_script -reset -force -quiet
remove_files  -fileset sim_1 C:/Users/ADMIN/Desktop/Project_2/SERV_TEST_PROJECT/SERV_TEST/SERV_TEST.srcs/sim_1/new/servile_io.sv
file delete -force C:/Users/ADMIN/Desktop/Project_2/SERV_TEST_PROJECT/SERV_TEST/SERV_TEST.srcs/sim_1/new/servile_io.sv
export_ip_user_files -of_objects  [get_files C:/Users/ADMIN/Desktop/Project_2/SERV_TEST_PROJECT/SERV_TEST/SERV_TEST.srcs/sources_1/imports/serv-main/servant/ecp5_evn_pll.v] -no_script -reset -force -quiet
export_ip_user_files -of_objects  [get_files C:/Users/ADMIN/Desktop/Project_2/SERV_TEST_PROJECT/SERV_TEST/SERV_TEST.srcs/sources_1/imports/serv-main/servant/ecppll.v] -no_script -reset -force -quiet
export_ip_user_files -of_objects  [get_files C:/Users/ADMIN/Desktop/Project_2/SERV_TEST_PROJECT/SERV_TEST/SERV_TEST.srcs/sources_1/imports/serv-main/servant/ice40_pll.v] -no_script -reset -force -quiet
export_ip_user_files -of_objects  [get_files C:/Users/ADMIN/Desktop/Project_2/SERV_TEST_PROJECT/SERV_TEST/SERV_TEST.srcs/sources_1/imports/serv-main/servant/servant.v] -no_script -reset -force -quiet
export_ip_user_files -of_objects  [get_files C:/Users/ADMIN/Desktop/Project_2/SERV_TEST_PROJECT/SERV_TEST/SERV_TEST.srcs/sources_1/imports/serv-main/servant/servant_ac701.v] -no_script -reset -force -quiet
export_ip_user_files -of_objects  [get_files C:/Users/ADMIN/Desktop/Project_2/SERV_TEST_PROJECT/SERV_TEST/SERV_TEST.srcs/sources_1/imports/serv-main/servant/servant_ax309.v] -no_script -reset -force -quiet
export_ip_user_files -of_objects  [get_files C:/Users/ADMIN/Desktop/Project_2/SERV_TEST_PROJECT/SERV_TEST/SERV_TEST.srcs/sources_1/imports/serv-main/servant/servant_ax309_clock_gen.v] -no_script -reset -force -quiet
export_ip_user_files -of_objects  [get_files C:/Users/ADMIN/Desktop/Project_2/SERV_TEST_PROJECT/SERV_TEST/SERV_TEST.srcs/sources_1/imports/serv-main/servant/servant_cmod_a7.v] -no_script -reset -force -quiet
export_ip_user_files -of_objects  [get_files C:/Users/ADMIN/Desktop/Project_2/SERV_TEST_PROJECT/SERV_TEST/SERV_TEST.srcs/sources_1/imports/serv-main/servant/servant_cmod_a7_clock_gen.v] -no_script -reset -force -quiet
export_ip_user_files -of_objects  [get_files C:/Users/ADMIN/Desktop/Project_2/SERV_TEST_PROJECT/SERV_TEST/SERV_TEST.srcs/sources_1/imports/serv-main/servant/servant_ecp5.v] -no_script -reset -force -quiet
export_ip_user_files -of_objects  [get_files C:/Users/ADMIN/Desktop/Project_2/SERV_TEST_PROJECT/SERV_TEST/SERV_TEST.srcs/sources_1/imports/serv-main/servant/servant_ecp5_clock_gen.v] -no_script -reset -force -quiet
export_ip_user_files -of_objects  [get_files C:/Users/ADMIN/Desktop/Project_2/SERV_TEST_PROJECT/SERV_TEST/SERV_TEST.srcs/sources_1/imports/serv-main/servant/servant_ecp5_evn.v] -no_script -reset -force -quiet
export_ip_user_files -of_objects  [get_files C:/Users/ADMIN/Desktop/Project_2/SERV_TEST_PROJECT/SERV_TEST/SERV_TEST.srcs/sources_1/imports/serv-main/servant/servant_ecp5_evn_clock_gen.v] -no_script -reset -force -quiet
export_ip_user_files -of_objects  [get_files C:/Users/ADMIN/Desktop/Project_2/SERV_TEST_PROJECT/SERV_TEST/SERV_TEST.srcs/sources_1/imports/serv-main/servant/servant_gmm7550.v] -no_script -reset -force -quiet
export_ip_user_files -of_objects  [get_files C:/Users/ADMIN/Desktop/Project_2/SERV_TEST_PROJECT/SERV_TEST/SERV_TEST.srcs/sources_1/imports/serv-main/servant/servant_gpio.v] -no_script -reset -force -quiet
export_ip_user_files -of_objects  [get_files C:/Users/ADMIN/Desktop/Project_2/SERV_TEST_PROJECT/SERV_TEST/SERV_TEST.srcs/sources_1/imports/serv-main/servant/servant_lx9.v] -no_script -reset -force -quiet
export_ip_user_files -of_objects  [get_files C:/Users/ADMIN/Desktop/Project_2/SERV_TEST_PROJECT/SERV_TEST/SERV_TEST.srcs/sources_1/imports/serv-main/servant/servant_lx9_clock_gen.v] -no_script -reset -force -quiet
export_ip_user_files -of_objects  [get_files C:/Users/ADMIN/Desktop/Project_2/SERV_TEST_PROJECT/SERV_TEST/SERV_TEST.srcs/sources_1/imports/serv-main/servant/servant_md_kolibri.v] -no_script -reset -force -quiet
export_ip_user_files -of_objects  [get_files C:/Users/ADMIN/Desktop/Project_2/SERV_TEST_PROJECT/SERV_TEST/SERV_TEST.srcs/sources_1/imports/serv-main/servant/servant_mux.v] -no_script -reset -force -quiet
export_ip_user_files -of_objects  [get_files C:/Users/ADMIN/Desktop/Project_2/SERV_TEST_PROJECT/SERV_TEST/SERV_TEST.srcs/sources_1/imports/serv-main/servant/servant_orangecrab.v] -no_script -reset -force -quiet
export_ip_user_files -of_objects  [get_files C:/Users/ADMIN/Desktop/Project_2/SERV_TEST_PROJECT/SERV_TEST/SERV_TEST.srcs/sources_1/imports/serv-main/servant/servant_pf.v] -no_script -reset -force -quiet
export_ip_user_files -of_objects  [get_files C:/Users/ADMIN/Desktop/Project_2/SERV_TEST_PROJECT/SERV_TEST/SERV_TEST.srcs/sources_1/imports/serv-main/servant/servant_pf_clock_gen.v] -no_script -reset -force -quiet
export_ip_user_files -of_objects  [get_files C:/Users/ADMIN/Desktop/Project_2/SERV_TEST_PROJECT/SERV_TEST/SERV_TEST.srcs/sources_1/imports/serv-main/servant/servant_ram.v] -no_script -reset -force -quiet
export_ip_user_files -of_objects  [get_files C:/Users/ADMIN/Desktop/Project_2/SERV_TEST_PROJECT/SERV_TEST/SERV_TEST.srcs/sources_1/imports/serv-main/servant/servant_timer.v] -no_script -reset -force -quiet
export_ip_user_files -of_objects  [get_files C:/Users/ADMIN/Desktop/Project_2/SERV_TEST_PROJECT/SERV_TEST/SERV_TEST.srcs/sources_1/imports/serv-main/servant/servax.v] -no_script -reset -force -quiet
export_ip_user_files -of_objects  [get_files C:/Users/ADMIN/Desktop/Project_2/SERV_TEST_PROJECT/SERV_TEST/SERV_TEST.srcs/sources_1/imports/serv-main/servant/servant_upduino2.v] -no_script -reset -force -quiet
export_ip_user_files -of_objects  [get_files C:/Users/ADMIN/Desktop/Project_2/SERV_TEST_PROJECT/SERV_TEST/SERV_TEST.srcs/sources_1/imports/serv-main/servant/servax_clock_gen.v] -no_script -reset -force -quiet
export_ip_user_files -of_objects  [get_files C:/Users/ADMIN/Desktop/Project_2/SERV_TEST_PROJECT/SERV_TEST/SERV_TEST.srcs/sources_1/imports/serv-main/servant/servclone10.v] -no_script -reset -force -quiet
export_ip_user_files -of_objects  [get_files C:/Users/ADMIN/Desktop/Project_2/SERV_TEST_PROJECT/SERV_TEST/SERV_TEST.srcs/sources_1/imports/serv-main/servant/servclone10_clock_gen.v] -no_script -reset -force -quiet
export_ip_user_files -of_objects  [get_files C:/Users/ADMIN/Desktop/Project_2/SERV_TEST_PROJECT/SERV_TEST/SERV_TEST.srcs/sources_1/imports/serv-main/servant/servde1_soc_revF.v] -no_script -reset -force -quiet
export_ip_user_files -of_objects  [get_files C:/Users/ADMIN/Desktop/Project_2/SERV_TEST_PROJECT/SERV_TEST/SERV_TEST.srcs/sources_1/imports/serv-main/servant/servde1_soc_revF_clock_gen.v] -no_script -reset -force -quiet
export_ip_user_files -of_objects  [get_files C:/Users/ADMIN/Desktop/Project_2/SERV_TEST_PROJECT/SERV_TEST/SERV_TEST.srcs/sources_1/imports/serv-main/servant/service.v] -no_script -reset -force -quiet
export_ip_user_files -of_objects  [get_files C:/Users/ADMIN/Desktop/Project_2/SERV_TEST_PROJECT/SERV_TEST/SERV_TEST.srcs/sources_1/imports/serv-main/servant/service_clock_gen.v] -no_script -reset -force -quiet
export_ip_user_files -of_objects  [get_files C:/Users/ADMIN/Desktop/Project_2/SERV_TEST_PROJECT/SERV_TEST/SERV_TEST.srcs/sources_1/imports/serv-main/servant/service_go_board.v] -no_script -reset -force -quiet
export_ip_user_files -of_objects  [get_files C:/Users/ADMIN/Desktop/Project_2/SERV_TEST_PROJECT/SERV_TEST/SERV_TEST.srcs/sources_1/imports/serv-main/servant/servis.v] -no_script -reset -force -quiet
export_ip_user_files -of_objects  [get_files C:/Users/ADMIN/Desktop/Project_2/SERV_TEST_PROJECT/SERV_TEST/SERV_TEST.srcs/sources_1/imports/serv-main/servant/servis_clock_gen.v] -no_script -reset -force -quiet
export_ip_user_files -of_objects  [get_files C:/Users/ADMIN/Desktop/Project_2/SERV_TEST_PROJECT/SERV_TEST/SERV_TEST.srcs/sources_1/imports/serv-main/servant/servive.v] -no_script -reset -force -quiet
export_ip_user_files -of_objects  [get_files C:/Users/ADMIN/Desktop/Project_2/SERV_TEST_PROJECT/SERV_TEST/SERV_TEST.srcs/sources_1/imports/serv-main/servant/servive_clock_gen.v] -no_script -reset -force -quiet
export_ip_user_files -of_objects  [get_files C:/Users/ADMIN/Desktop/Project_2/SERV_TEST_PROJECT/SERV_TEST/SERV_TEST.srcs/sources_1/imports/serv-main/servant/servix.v] -no_script -reset -force -quiet
export_ip_user_files -of_objects  [get_files C:/Users/ADMIN/Desktop/Project_2/SERV_TEST_PROJECT/SERV_TEST/SERV_TEST.srcs/sources_1/imports/serv-main/servant/servix_clock_gen.v] -no_script -reset -force -quiet
export_ip_user_files -of_objects  [get_files C:/Users/ADMIN/Desktop/Project_2/SERV_TEST_PROJECT/SERV_TEST/SERV_TEST.srcs/sources_1/imports/serv-main/servant/servix_ebaz4205.v] -no_script -reset -force -quiet
export_ip_user_files -of_objects  [get_files C:/Users/ADMIN/Desktop/Project_2/SERV_TEST_PROJECT/SERV_TEST/SERV_TEST.srcs/sources_1/imports/serv-main/servant/servix_ebaz4205_clock_gen.v] -no_script -reset -force -quiet
export_ip_user_files -of_objects  [get_files C:/Users/ADMIN/Desktop/Project_2/SERV_TEST_PROJECT/SERV_TEST/SERV_TEST.srcs/sources_1/imports/serv-main/servant/servus.v] -no_script -reset -force -quiet
export_ip_user_files -of_objects  [get_files C:/Users/ADMIN/Desktop/Project_2/SERV_TEST_PROJECT/SERV_TEST/SERV_TEST.srcs/sources_1/imports/serv-main/servant/servant_ram_quartus.sv] -no_script -reset -force -quiet
export_ip_user_files -of_objects  [get_files C:/Users/ADMIN/Desktop/Project_2/SERV_TEST_PROJECT/SERV_TEST/SERV_TEST.srcs/sources_1/imports/serv-main/servant/servus_clock_gen.v] -no_script -reset -force -quiet
remove_files  {C:/Users/ADMIN/Desktop/Project_2/SERV_TEST_PROJECT/SERV_TEST/SERV_TEST.srcs/sources_1/imports/serv-main/servant/ecp5_evn_pll.v C:/Users/ADMIN/Desktop/Project_2/SERV_TEST_PROJECT/SERV_TEST/SERV_TEST.srcs/sources_1/imports/serv-main/servant/ecppll.v C:/Users/ADMIN/Desktop/Project_2/SERV_TEST_PROJECT/SERV_TEST/SERV_TEST.srcs/sources_1/imports/serv-main/servant/ice40_pll.v C:/Users/ADMIN/Desktop/Project_2/SERV_TEST_PROJECT/SERV_TEST/SERV_TEST.srcs/sources_1/imports/serv-main/servant/servant.v C:/Users/ADMIN/Desktop/Project_2/SERV_TEST_PROJECT/SERV_TEST/SERV_TEST.srcs/sources_1/imports/serv-main/servant/servant_ac701.v C:/Users/ADMIN/Desktop/Project_2/SERV_TEST_PROJECT/SERV_TEST/SERV_TEST.srcs/sources_1/imports/serv-main/servant/servant_ax309.v C:/Users/ADMIN/Desktop/Project_2/SERV_TEST_PROJECT/SERV_TEST/SERV_TEST.srcs/sources_1/imports/serv-main/servant/servant_ax309_clock_gen.v C:/Users/ADMIN/Desktop/Project_2/SERV_TEST_PROJECT/SERV_TEST/SERV_TEST.srcs/sources_1/imports/serv-main/servant/servant_cmod_a7.v C:/Users/ADMIN/Desktop/Project_2/SERV_TEST_PROJECT/SERV_TEST/SERV_TEST.srcs/sources_1/imports/serv-main/servant/servant_cmod_a7_clock_gen.v C:/Users/ADMIN/Desktop/Project_2/SERV_TEST_PROJECT/SERV_TEST/SERV_TEST.srcs/sources_1/imports/serv-main/servant/servant_ecp5.v C:/Users/ADMIN/Desktop/Project_2/SERV_TEST_PROJECT/SERV_TEST/SERV_TEST.srcs/sources_1/imports/serv-main/servant/servant_ecp5_clock_gen.v C:/Users/ADMIN/Desktop/Project_2/SERV_TEST_PROJECT/SERV_TEST/SERV_TEST.srcs/sources_1/imports/serv-main/servant/servant_ecp5_evn.v C:/Users/ADMIN/Desktop/Project_2/SERV_TEST_PROJECT/SERV_TEST/SERV_TEST.srcs/sources_1/imports/serv-main/servant/servant_ecp5_evn_clock_gen.v C:/Users/ADMIN/Desktop/Project_2/SERV_TEST_PROJECT/SERV_TEST/SERV_TEST.srcs/sources_1/imports/serv-main/servant/servant_gmm7550.v C:/Users/ADMIN/Desktop/Project_2/SERV_TEST_PROJECT/SERV_TEST/SERV_TEST.srcs/sources_1/imports/serv-main/servant/servant_gpio.v C:/Users/ADMIN/Desktop/Project_2/SERV_TEST_PROJECT/SERV_TEST/SERV_TEST.srcs/sources_1/imports/serv-main/servant/servant_lx9.v C:/Users/ADMIN/Desktop/Project_2/SERV_TEST_PROJECT/SERV_TEST/SERV_TEST.srcs/sources_1/imports/serv-main/servant/servant_lx9_clock_gen.v C:/Users/ADMIN/Desktop/Project_2/SERV_TEST_PROJECT/SERV_TEST/SERV_TEST.srcs/sources_1/imports/serv-main/servant/servant_md_kolibri.v C:/Users/ADMIN/Desktop/Project_2/SERV_TEST_PROJECT/SERV_TEST/SERV_TEST.srcs/sources_1/imports/serv-main/servant/servant_mux.v C:/Users/ADMIN/Desktop/Project_2/SERV_TEST_PROJECT/SERV_TEST/SERV_TEST.srcs/sources_1/imports/serv-main/servant/servant_orangecrab.v C:/Users/ADMIN/Desktop/Project_2/SERV_TEST_PROJECT/SERV_TEST/SERV_TEST.srcs/sources_1/imports/serv-main/servant/servant_pf.v C:/Users/ADMIN/Desktop/Project_2/SERV_TEST_PROJECT/SERV_TEST/SERV_TEST.srcs/sources_1/imports/serv-main/servant/servant_pf_clock_gen.v C:/Users/ADMIN/Desktop/Project_2/SERV_TEST_PROJECT/SERV_TEST/SERV_TEST.srcs/sources_1/imports/serv-main/servant/servant_ram.v C:/Users/ADMIN/Desktop/Project_2/SERV_TEST_PROJECT/SERV_TEST/SERV_TEST.srcs/sources_1/imports/serv-main/servant/servant_timer.v C:/Users/ADMIN/Desktop/Project_2/SERV_TEST_PROJECT/SERV_TEST/SERV_TEST.srcs/sources_1/imports/serv-main/servant/servax.v C:/Users/ADMIN/Desktop/Project_2/SERV_TEST_PROJECT/SERV_TEST/SERV_TEST.srcs/sources_1/imports/serv-main/servant/servant_upduino2.v C:/Users/ADMIN/Desktop/Project_2/SERV_TEST_PROJECT/SERV_TEST/SERV_TEST.srcs/sources_1/imports/serv-main/servant/servax_clock_gen.v C:/Users/ADMIN/Desktop/Project_2/SERV_TEST_PROJECT/SERV_TEST/SERV_TEST.srcs/sources_1/imports/serv-main/servant/servclone10.v C:/Users/ADMIN/Desktop/Project_2/SERV_TEST_PROJECT/SERV_TEST/SERV_TEST.srcs/sources_1/imports/serv-main/servant/servclone10_clock_gen.v C:/Users/ADMIN/Desktop/Project_2/SERV_TEST_PROJECT/SERV_TEST/SERV_TEST.srcs/sources_1/imports/serv-main/servant/servde1_soc_revF.v C:/Users/ADMIN/Desktop/Project_2/SERV_TEST_PROJECT/SERV_TEST/SERV_TEST.srcs/sources_1/imports/serv-main/servant/servde1_soc_revF_clock_gen.v C:/Users/ADMIN/Desktop/Project_2/SERV_TEST_PROJECT/SERV_TEST/SERV_TEST.srcs/sources_1/imports/serv-main/servant/service.v C:/Users/ADMIN/Desktop/Project_2/SERV_TEST_PROJECT/SERV_TEST/SERV_TEST.srcs/sources_1/imports/serv-main/servant/service_clock_gen.v C:/Users/ADMIN/Desktop/Project_2/SERV_TEST_PROJECT/SERV_TEST/SERV_TEST.srcs/sources_1/imports/serv-main/servant/service_go_board.v C:/Users/ADMIN/Desktop/Project_2/SERV_TEST_PROJECT/SERV_TEST/SERV_TEST.srcs/sources_1/imports/serv-main/servant/servis.v C:/Users/ADMIN/Desktop/Project_2/SERV_TEST_PROJECT/SERV_TEST/SERV_TEST.srcs/sources_1/imports/serv-main/servant/servis_clock_gen.v C:/Users/ADMIN/Desktop/Project_2/SERV_TEST_PROJECT/SERV_TEST/SERV_TEST.srcs/sources_1/imports/serv-main/servant/servive.v C:/Users/ADMIN/Desktop/Project_2/SERV_TEST_PROJECT/SERV_TEST/SERV_TEST.srcs/sources_1/imports/serv-main/servant/servive_clock_gen.v C:/Users/ADMIN/Desktop/Project_2/SERV_TEST_PROJECT/SERV_TEST/SERV_TEST.srcs/sources_1/imports/serv-main/servant/servix.v C:/Users/ADMIN/Desktop/Project_2/SERV_TEST_PROJECT/SERV_TEST/SERV_TEST.srcs/sources_1/imports/serv-main/servant/servix_clock_gen.v C:/Users/ADMIN/Desktop/Project_2/SERV_TEST_PROJECT/SERV_TEST/SERV_TEST.srcs/sources_1/imports/serv-main/servant/servix_ebaz4205.v C:/Users/ADMIN/Desktop/Project_2/SERV_TEST_PROJECT/SERV_TEST/SERV_TEST.srcs/sources_1/imports/serv-main/servant/servix_ebaz4205_clock_gen.v C:/Users/ADMIN/Desktop/Project_2/SERV_TEST_PROJECT/SERV_TEST/SERV_TEST.srcs/sources_1/imports/serv-main/servant/servus.v C:/Users/ADMIN/Desktop/Project_2/SERV_TEST_PROJECT/SERV_TEST/SERV_TEST.srcs/sources_1/imports/serv-main/servant/servant_ram_quartus.sv C:/Users/ADMIN/Desktop/Project_2/SERV_TEST_PROJECT/SERV_TEST/SERV_TEST.srcs/sources_1/imports/serv-main/servant/servus_clock_gen.v}
set_property SOURCE_SET sources_1 [get_filesets sim_1]
close [ open C:/Users/ADMIN/Desktop/Project_2/SERV_TEST_PROJECT/SERV_TEST/SERV_TEST.srcs/sim_1/new/servile_if.sv w ]
add_files -fileset sim_1 C:/Users/ADMIN/Desktop/Project_2/SERV_TEST_PROJECT/SERV_TEST/SERV_TEST.srcs/sim_1/new/servile_if.sv
update_compile_order -fileset sim_1
exit
INFO: [Common 17-206] Exiting Vivado at Tue Oct  8 16:03:55 2024...
